src/cache/ledgerListCacheReader.ts(64,55): error TS1323: Dynamic imports are only supported when the '--module' flag is set to 'es2020', 'es2022', 'esnext', 'commonjs', 'amd', 'system', 'umd', 'node16', or 'nodenext'.
src/cache/ledgerListCacheReader.ts(131,55): error TS1323: Dynamic imports are only supported when the '--module' flag is set to 'es2020', 'es2022', 'esnext', 'commonjs', 'amd', 'system', 'umd', 'node16', or 'nodenext'.
src/cache/stockItemsCacheReader.ts(72,56): error TS1323: Dynamic imports are only supported when the '--module' flag is set to 'es2020', 'es2022', 'esnext', 'commonjs', 'amd', 'system', 'umd', 'node16', or 'nodenext'.
src/cache/stockItemsCacheReader.ts(111,56): error TS1323: Dynamic imports are only supported when the '--module' flag is set to 'es2020', 'es2022', 'esnext', 'commonjs', 'amd', 'system', 'umd', 'node16', or 'nodenext'.
src/cache/stockListCacheReader.ts(163,91): error TS1323: Dynamic imports are only supported when the '--module' flag is set to 'es2020', 'es2022', 'esnext', 'commonjs', 'amd', 'system', 'umd', 'node16', or 'nodenext'.
src/components/Logo.tsx(24,34): error TS2769: No overload matches this call.
  Overload 1 of 2, '(props: ImageProps): Image', gave the following error.
    Type 'ViewStyle | undefined' is not assignable to type 'Falsy | ImageStyle | RegisteredStyle<ImageStyle> | RecursiveArray<Falsy | ImageStyle | RegisteredStyle<ImageStyle>> | readonly (Falsy | ... 1 more ... | RegisteredStyle<...>)[]'.
      Type 'ViewStyle' is not assignable to type 'Falsy | ImageStyle | RegisteredStyle<ImageStyle> | RecursiveArray<Falsy | ImageStyle | RegisteredStyle<ImageStyle>> | readonly (Falsy | ... 1 more ... | RegisteredStyle<...>)[]'.
        Type 'ViewStyle' is not assignable to type 'ImageStyle'.
          Types of property 'overflow' are incompatible.
            Type '"visible" | "hidden" | "scroll" | undefined' is not assignable to type '"visible" | "hidden" | undefined'.
              Type '"scroll"' is not assignable to type '"visible" | "hidden" | undefined'.
  Overload 2 of 2, '(props: ImageProps, context: any): Image', gave the following error.
    Type 'ViewStyle | undefined' is not assignable to type 'Falsy | ImageStyle | RegisteredStyle<ImageStyle> | RecursiveArray<Falsy | ImageStyle | RegisteredStyle<ImageStyle>> | readonly (Falsy | ... 1 more ... | RegisteredStyle<...>)[]'.
src/hooks/useS3Attachment.ts(110,71): error TS2552: Cannot find name 'BodyInit'. Did you mean 'BodyInit_'?
src/screens/CacheManagement2.tsx(969,22): error TS2304: Cannot find name 'getDashboardCacheDatabase'.
src/screens/CacheManagement2.tsx(971,22): error TS2304: Cannot find name 'DASHBOARD_CACHE_TABLE'.
src/screens/CacheManagement2.tsx(1076,28): error TS2448: Block-scoped variable 'refreshEntries' used before its declaration.
src/screens/CacheManagement2.tsx(1076,28): error TS2454: Variable 'refreshEntries' is used before being assigned.
src/screens/CacheManagement2.tsx(3557,84): error TS2322: Type '{ children: Element; onPress: () => void; padding: number; }' is not assignable to type 'IntrinsicAttributes & TouchableOpacityProps & RefAttributes<View>'.
  Property 'padding' does not exist on type 'IntrinsicAttributes & TouchableOpacityProps & RefAttributes<View>'.
src/screens/CacheManagement2.tsx(3721,81): error TS2322: Type '{ children: Element; onPress: () => void; padding: number; }' is not assignable to type 'IntrinsicAttributes & TouchableOpacityProps & RefAttributes<View>'.
  Property 'padding' does not exist on type 'IntrinsicAttributes & TouchableOpacityProps & RefAttributes<View>'.
src/screens/CacheManagement2.tsx(3838,84): error TS2322: Type '{ children: Element; onPress: () => void; padding: number; }' is not assignable to type 'IntrinsicAttributes & TouchableOpacityProps & RefAttributes<View>'.
  Property 'padding' does not exist on type 'IntrinsicAttributes & TouchableOpacityProps & RefAttributes<View>'.
src/screens/ledger/clearedordutils/ClearedOrderDetails.tsx(131,26): error TS2339: Property 'amount' does not exist on type '{ row: SalesOrderOutstandingRow; voucher: SalesOrderOutstandingVoucher; }'.
src/screens/ledger/clearedordutils/ClearedOrderDetails.tsx(147,28): error TS2339: Property 'amount' does not exist on type '{ row: SalesOrderOutstandingRow; voucher: SalesOrderOutstandingVoucher; }'.
src/screens/ledger/clearedordutils/ClearedOrderDetails.tsx(160,46): error TS18048: 'body' is possibly 'undefined'.
src/screens/ledger/clearedordutils/ClearedOrderDetails.tsx(161,42): error TS18048: 'body' is possibly 'undefined'.
src/screens/ledger/clearedordutils/ClearedOrderDetails.tsx(174,28): error TS2339: Property 'amount' does not exist on type '{ row: SalesOrderOutstandingRow; voucher: SalesOrderOutstandingVoucher; }'.
src/screens/ledger/clearedordutils/ClearedOrderDetails.tsx(187,26): error TS2339: Property 'amount' does not exist on type '{ row: SalesOrderOutstandingRow; voucher: SalesOrderOutstandingVoucher; }'.
src/screens/ledger/soloutils/SalesOrderLineDetail.tsx(96,46): error TS18048: 'body' is possibly 'undefined'.
src/screens/ledger/soloutils/SalesOrderLineDetail.tsx(97,42): error TS18048: 'body' is possibly 'undefined'.
src/screens/ledger/soloutils/SalesOrderVoucherDetails.tsx(292,46): error TS18048: 'body' is possibly 'undefined'.
src/screens/ledger/soloutils/SalesOrderVoucherDetails.tsx(293,42): error TS18048: 'body' is possibly 'undefined'.
src/screens/ledger/utils/LedgerShared.ts(480,30): error TS2345: Argument of type 'Date' is not assignable to parameter of type 'number'.
src/screens/ledger/utils/LedgerShared.ts(696,30): error TS2345: Argument of type 'Date' is not assignable to parameter of type 'number'.
src/screens/OrderEntry/OrderEntry.tsx(1768,48): error TS18048: 'cls' is possibly 'undefined'.
src/screens/OrderEntry/OrderEntry.tsx(1769,47): error TS18048: 'cr' is possibly 'undefined'.
src/screens/OrderEntry/OrderEntry.tsx(1770,47): error TS18048: 'cr' is possibly 'undefined'.
src/screens/PayNExp/ExpenseClaimsScreen.tsx(57,58): error TS2345: Argument of type '{ type: "others"; debug: boolean; debugLabel: string; }' is not assignable to parameter of type 'UseS3AttachmentOptions'.
  Object literal may only specify known properties, and 'debug' does not exist in type 'UseS3AttachmentOptions'.
src/screens/SalesDashboard/SalesDashboard.tsx(805,34): error TS2339: Property 'salesByPeriod' does not exist on type '{ salesByStockGroup: any[]; salesByLedgerGroup: any[]; salesByRegion: any[]; salesByCountry: any[]; salesByMonth: any[]; topCustomers: any[]; topItemsByRevenue: any[]; topItemsByQuantity: any[]; revenueVsProfit: any[]; topProfitableItems: any[]; topLossItems: any[]; monthWiseProfit: any[]; }'.
src/screens/SalesDashboard/SalesDashboard.tsx(809,50): error TS2339: Property 'salesByPeriod' does not exist on type '{ salesByStockGroup: any[]; salesByLedgerGroup: any[]; salesByRegion: any[]; salesByCountry: any[]; salesByMonth: any[]; topCustomers: any[]; topItemsByRevenue: any[]; topItemsByQuantity: any[]; revenueVsProfit: any[]; topProfitableItems: any[]; topLossItems: any[]; monthWiseProfit: any[]; }'.
src/screens/StockSummary/StockItemMonthly.tsx(460,21): error TS2322: Type '({ item }: { item: ListItem; }) => React.JSX.Element' is not assignable to type 'ListRenderItem<unknown>'.
  Types of parameters '__0' and 'info' are incompatible.
    Type 'ListRenderItemInfo<unknown>' is not assignable to type '{ item: ListItem; }'.
      Types of property 'item' are incompatible.
        Type 'unknown' is not assignable to type 'ListItem'.
src/screens/VoucherDetails/BillAllocations.tsx(271,38): error TS2322: Type '{ width: number; height: number; }' is not assignable to type 'IntrinsicAttributes & InventoryAllocationIconProps'.
  Property 'width' does not exist on type 'IntrinsicAttributes & InventoryAllocationIconProps'.
